// Jest Snapshot v1, https://goo.gl/fbAQLP

exports[`should render ExpenseItem with expense 1`] = `
<div>
  <Link
    replace={false}
    to="/edit/3"
  >
    <h3>
      cmon now 3
    </h3>
  </Link>
  <p>
    $260.00
     -
    January 1st, 1970
  </p>
  <p />
  <button
    onClick={[Function]}
  >
    Remove
  </button>
</div>
`;
