// Jest Snapshot v1, https://goo.gl/fbAQLP

exports[`should render menu links page correctly 1`] = `
<div>
  <NavLink
    activeClassName="is-active"
    ariaCurrent="true"
    exact={true}
    to="/dashboard"
  >
    Dash
  </NavLink>
  <NavLink
    activeClassName="is-active"
    ariaCurrent="true"
    to="/create"
  >
    Create
  </NavLink>
  <NavLink
    activeClassName="is-active"
    ariaCurrent="true"
    id="logout"
    to="/"
  >
    LogOut
  </NavLink>
</div>
`;
